Name	Centrality	Rank
Acinetobacter.01	0.029924157524661855	126
Atopobium.02	0.017713645496781588	125
O.Burkholderiales.01	0.01636073127616465	124
F.Erysipelotrichaceae.01	0.015698580588698344	123
Megasphaera.01	0.014744810024227173	122
C.Gammaproteobacteria.02	0.01453859100637371	121
F.Pseudomonadaceae.01	0.01452547651245232	120
Atopobium.01	0.014426197767726193	119
F.Pseudomonadaceae.02	0.013208904498605557	118
Carnobacterium.01	0.012935301166767608	117
Actinomyces.01	0.01293274187315681	116
F.Pasteurellaceae.02	0.01279710710834449	115
Porphyromonas.03	0.012754448287359449	114
O.Actinomycetales.04	0.01263436304357033	113
Bulleidia.01	0.012554552169619579	112
C.Gammaproteobacteria.11	0.012553629288005333	111
TM7_genus_incertae_sedis.03	0.012309730966121138	110
C.Gammaproteobacteria.04	0.012293260569655377	109
F.Alcaligenaceae.01	0.011847267471464189	108
C.Gammaproteobacteria.09	0.011699474995987641	107
F.Burkholderiaceae.02	0.011552129072323013	106
Microbacterium.01	0.011504023109854255	105
Chryseobacterium.01	0.01145646709093693	104
Rhizobium.01	0.011148380155388691	103
Dolosigranulum.01	0.010961396429051659	102
F.Neisseriaceae.01	0.010933158964143179	101
F.Enterobacteriaceae.01	0.010931526658858992	100
Fusobacterium.01	0.010718836919355424	99
Gp2.02	0.010637090442086283	98
Neisseria.01	0.010620040069787803	97
F.Pasteurellaceae.01	0.010561609731637802	96
Pseudomonas.02	0.010452235104329903	95
F.Rhodocyclaceae.01	0.010373975173375597	94
Dyella.01	0.010373975173375597	93
Eubacterium.01	0.010341972556610526	92
Metascardovia.01	0.010333105989381109	91
C.Gammaproteobacteria.10	0.010333105989381109	90
Prevotella.08	0.01013019572580007	89
Peptoniphilus.03	0.010093413726089403	88
Peptoniphilus.02	0.010093413726089403	87
Bifidobacterium.01	0.010093413726089401	86
TM7_genus_incertae_sedis.06	0.010093104857849184	85
C.Gammaproteobacteria.08	0.010024435386476594	84
TM7_genus_incertae_sedis.05	0.010021173721604494	83
Lactobacillus.01	0.01001456857431865	82
TM7_genus_incertae_sedis.08	0.009965487085993511	81
Prevotella.03	0.009819322104739868	80
Veillonella.01	0.009800774205901799	79
F.Burkholderiaceae.01	0.009789361751223998	78
Actinomyces.02	0.009722049693659706	77
Ralstonia.01	0.009588740547563836	76
C.Gammaproteobacteria.06	0.00944294573841564	75
Propionibacterium.02	0.009441503776523153	74
P.Firmicutes.01	0.009390811435179799	73
TM7_genus_incertae_sedis.02	0.009224715830562297	72
Burkholderia.01	0.009090507510273639	71
TM7_genus_incertae_sedis.04	0.009040256127987385	70
Anaerococcus.02	0.008994784911629188	69
Parvimonas.03	0.00887967023421137	68
Mycoplasma.01	0.008863740594489963	67
C.Betaproteobacteria.01	0.008830972351431187	66
Acinetobacter.02	0.008822662561328281	65
Fusobacterium.02	0.008634074687045046	64
TM7_genus_incertae_sedis.07	0.008592375572975996	63
O.Clostridiales.05	0.008568568715946833	62
Prevotella.07	0.008527118468407275	61
F.Comamonadaceae.01	0.008395311839006716	60
Capnocytophaga.01	0.008103828114698059	59
Selenomonas.03	0.008050889329072735	58
F.Carnobacteriaceae.01	0.008039981422829605	57
Streptococcus.01	0.007995663901975198	56
Propionibacterium.01	0.007901909891153584	55
Paracoccus.01	0.007587001080530314	54
C.Gammaproteobacteria.01	0.007583552757659819	53
C.Gammaproteobacteria.05	0.0074871524862417434	52
Solobacterium.01	0.007442243552326936	51
O.Clostridiales.02	0.007191811429415909	50
Selenomonas.02	0.007123285042339857	49
Porphyromonas.01	0.007053985500053006	48
Prevotella.02	0.007041053627349338	47
Prevotella.01	0.007036659785905226	46
Prevotella.10	0.006891710507708635	45
Treponema.01	0.00670851955509119	44
C.Gammaproteobacteria.03	0.006412362589567916	43
Pseudomonas.01	0.005646220484773121	42
Anaerococcus.01	0.005560798303031558	41
Sulfuricurvum.01	0.00554332348838729	40
Tannerella.01	0.005401043053803114	39
Porphyromonas.02	0.0053993535070098655	38
C.Gammaproteobacteria.07	0.005375128730306835	37
Parvimonas.01	0.005342432261259749	36
Prevotella.05	0.004695969628919143	35
O.Actinomycetales.01	0.004496503001379221	34
F.Prevotellaceae.01	0.004496503001379221	33
Prevotella.06	0.004393982570531448	32
Catonella.01	0.004268559690352384	31
Gp2.01	0.004174352831513809	30
Peptostreptococcus.01	0.0039038842601081	29
Marinobacter.01	0.003755757544531412	28
Peptoniphilus.01	0.003601971857380812	27
TM7_genus_incertae_sedis.01	0.003527795463543416	26
O.Actinomycetales.02	0.0033733418422916346	25
Alicyclobacillus.01	0.003011014081744518	24
Gemella.01	0.0029511091509862902	23
F.Prevotellaceae.03	0.0027725505152230052	22
O.Bacteroidales.02	0.002663523822722946	21
Veillonella.02	0.0019367740710828012	20
Tropheryma.01	0.0019367740710828012	19
Selenomonas.01	0.0019367740710828012	18
Prevotella.09	0.0019367740710828012	17
Prevotella.04	0.0019367740710828012	16
Parvimonas.02	0.0019367740710828012	15
O.Clostridiales.04	0.0019367740710828012	14
O.Clostridiales.03	0.0019367740710828012	13
O.Clostridiales.01	0.0019367740710828012	12
O.Bacteroidales.01	0.0019367740710828012	11
O.Actinomycetales.03	0.0019367740710828012	10
Mogibacterium.01	0.0019367740710828012	9
F.Xanthomonadaceae.01	0.0019367740710828012	8
F.Comamonadaceae.02	0.0019367740710828012	7
Corynebacterium.02	0.0019367740710828012	6
Corynebacterium.01	0.0019367740710828012	5
Campylobacter.01	0.0019367740710828012	4
C.Betaproteobacteria.02	0.0019367740710828012	3
Staphylococcus.01	0.002942474471323141	2
F.Prevotellaceae.02	0.005601663927699916	0
